📂 Excel dosyası okunuyor...
🖼️ Resim eşleşti: Satır 9
🖼️ Resim eşleşti: Satır 10
🖼️ Resim eşleşti: Satır 11
🖼️ Resim eşleşti: Satır 12
🖼️ Resim eşleşti: Satır 13
🖼️ Resim eşleşti: Satır 14
🧠 LLM Ayrıştırma başlatılıyor (Gerçek Akış)...
📊 Excel verisi LLM'e gönderiliyor (2793 karakter)
🧠 [DEBUG] LLM Ayrıştırma Başarılı. Ürün Sayısı: 6
📋 [DEBUG] Ayrıştırılan Ürünler: [
  {
    "p": "A0261",
    "d": "Metal Üretimi",
    "r": 9
  },
  {
    "p": "A0683 / ASMAR",
    "d": "Karkas Üretimi",
    "r": 10
  },
  {
    "p": "M028 / TOLGAM",
    "d": "Mobilya Dekorasyon",
    "r": 11
  },
  {
    "p": "TT042",
    "d": "Mobilya Dekorasyon",
    "r": 12
  },
  {
    "p": "TB020 / GIO",
    "d": "Metal Üretimi",
    "r": 13
  },
  {
    "p": "TB023",
    "d": "Metal Üretimi",
    "r": 14
  }
]
✅ [DEBUG] Resim Eşleşti: Ürün=A0261, Satır=9
✅ [DEBUG] Resim Eşleşti: Ürün=A0683 / ASMAR, Satır=10
✅ [DEBUG] Resim Eşleşti: Ürün=M028 / TOLGAM, Satır=11
✅ [DEBUG] Resim Eşleşti: Ürün=TT042, Satır=12
✅ [DEBUG] Resim Eşleşti: Ürün=TB020 / GIO, Satır=13
✅ [DEBUG] Resim Eşleşti: Ürün=TB023, Satır=14
📝 Sipariş loglandı: OTOMATIK
✅ Sipariş Hazır: OTOMATIK
📡 Ürün Sayısı: 6
🖼️ Resimli Ürün Sayısı: 6
🚚 Dağıtım başlatılıyor...
🚀 Dağıtım fonksiyonu başladı. Sipariş No: OTOMATIK, Ürün Sayısı: 6
📡 Bulunan Departmanlar: [Metal Üretimi, Karkas Üretimi, Mobilya Dekorasyon]
📂 İşleniyor: Metal Üretimi
📄 PDF üretiliyor: Metal Üretimi
✅ PDF üretildi: 645181 byte
📡 [DEBUG] Bildirim denemesi: Departman=Metal Üretimi, TargetID=6030287709
🖼️ [DEBUG] Media Group gönderiliyor (3 resim)...
📄 [DEBUG] PDF belgesi gönderiliyor...
✅ [DEBUG] Başarıyla gönderildi: 6030287709
📂 İşleniyor: Karkas Üretimi
📄 PDF üretiliyor: Karkas Üretimi
✅ PDF üretildi: 420779 byte
📡 [DEBUG] Bildirim denemesi: Departman=Karkas Üretimi, TargetID=6030287709
📸 [DEBUG] Tek resim gönderiliyor...
📄 [DEBUG] PDF belgesi gönderiliyor...
✅ [DEBUG] Başarıyla gönderildi: 6030287709
📂 İşleniyor: Mobilya Dekorasyon
📄 PDF üretiliyor: Mobilya Dekorasyon
✅ PDF üretildi: 776444 byte
📡 [DEBUG] Bildirim denemesi: Departman=Mobilya Dekorasyon, TargetID=6030287709
🖼️ [DEBUG] Media Group gönderiliyor (2 resim)...
📄 [DEBUG] PDF belgesi gönderiliyor...
✅ [DEBUG] Başarıyla gönderildi: 6030287709
✨ Test tamamlandı!
node.exe : Failed to obtain server version. Unable to check client-server compatibility. S
et checkCompatibility=false to skip version check.
At line:1 char:1
+ & "C:\Program Files\nodejs/node.exe" "C:\Program Files\nodejs/node_mo ...
+ ~~~~~~~~~~~~~~~~~~~~~~~~~~~~~~~~~~~~~~~~~~~~~~~~~~~~~~~~~~~~~~~~~~~~~
    + CategoryInfo          : NotSpecified: (Failed to obtai... version check.:String) [] 
   , RemoteException
    + FullyQualifiedErrorId : NativeCommandError
 
